2026-05-31T23:05:47.7116520-05:00 close-media started
2026-05-31T23:05:47.7266651-05:00 closed PID 11652
2026-05-31T23:05:47.7276661-05:00 closed PID 33188
2026-05-31T23:05:47.7286623-05:00 closed PID 2960
2026-05-31T23:05:47.7291727-05:00 closed PID 45504
2026-05-31T23:05:53.0826631-05:00 open-media started
2026-05-31T23:05:53.0886604-05:00 opening https://www.youtube.com/shorts at 0,0
2026-05-31T23:05:54.3170976-05:00 opening https://www.instagram.com/reels/ at 960,0
2026-05-31T23:05:55.5471798-05:00 opening https://www.tiktok.com at 0,516
2026-05-31T23:05:56.8144660-05:00 opening https://reddit.com at 960,516
2026-05-31T23:07:53.3013297-05:00 open-media started
2026-05-31T23:07:53.5891506-05:00 opening https://www.youtube.com/shorts at 0,0
2026-05-31T23:07:55.1161640-05:00 opening https://www.instagram.com/reels/ at 960,0
2026-05-31T23:07:56.9291460-05:00 opening https://www.tiktok.com at 0,516
2026-05-31T23:07:58.6730146-05:00 opening https://reddit.com at 960,516
2026-05-31T23:08:30.0648931-05:00 close-media started
2026-05-31T23:08:30.0867044-05:00 closed PID 31368
2026-05-31T23:08:30.0974919-05:00 closed PID 29256
2026-05-31T23:08:30.1125938-05:00 closed PID 25656
2026-05-31T23:08:30.1237836-05:00 closed PID 31144
2026-05-31T23:36:27.7290051-05:00 open-media started
2026-05-31T23:36:27.8770285-05:00 opening https://www.youtube.com/shorts at 0,0
2026-05-31T23:36:29.1441683-05:00 opening https://www.instagram.com/reels/ at 960,0
2026-05-31T23:36:30.3729656-05:00 opening https://www.tiktok.com at 0,516
2026-05-31T23:36:31.6045799-05:00 opening https://reddit.com at 960,516
2026-05-31T23:37:08.6419785-05:00 open-media started
2026-05-31T23:37:09.0830280-05:00 opening https://www.youtube.com/shorts at 0,0
2026-05-31T23:37:10.7114243-05:00 opening https://www.instagram.com/reels/ at 960,0
2026-05-31T23:37:12.8091574-05:00 opening https://www.tiktok.com at 0,516
2026-05-31T23:37:14.5267083-05:00 opening https://reddit.com at 960,516
2026-05-31T23:37:18.7495928-05:00 close-media started
2026-05-31T23:37:18.7905915-05:00 closed PID 35880
2026-05-31T23:37:18.8015917-05:00 closed PID 39392
2026-05-31T23:37:18.8125901-05:00 closed PID 21416
2026-05-31T23:37:18.8235946-05:00 closed PID 25892
2026-05-31T23:40:40.0511902-05:00 open-media started
2026-05-31T23:40:40.1907032-05:00 opening https://www.youtube.com/shorts at 0,0
2026-05-31T23:40:41.4507984-05:00 opening https://www.instagram.com/reels/ at 960,0
2026-05-31T23:40:42.6830337-05:00 opening https://www.tiktok.com at 0,516
2026-05-31T23:40:43.9058829-05:00 opening https://reddit.com at 960,516
2026-05-31T23:42:10.8418815-05:00 close-media started
2026-05-31T23:42:10.8458814-05:00 closed PID 24156
2026-05-31T23:42:10.8458814-05:00 closed PID 19464
2026-05-31T23:42:10.8468808-05:00 closed PID 35864
2026-05-31T23:42:10.8478808-05:00 closed PID 20788
2026-05-31T23:42:27.2972530-05:00 open-media started
2026-05-31T23:42:27.4357780-05:00 opening https://www.youtube.com/shorts at 0,0
2026-05-31T23:42:28.6997382-05:00 opening https://www.instagram.com/reels/ at 960,0
2026-05-31T23:42:29.9231197-05:00 opening https://www.tiktok.com at 0,516
2026-05-31T23:42:31.1593365-05:00 opening https://reddit.com at 960,516
2026-05-31T23:43:16.0703793-05:00 close-media started
2026-05-31T23:43:16.1024460-05:00 closed PID 15520
2026-05-31T23:43:16.1034455-05:00 closed PID 42072
2026-05-31T23:43:16.1044456-05:00 closed PID 26252
2026-05-31T23:43:16.1044456-05:00 closed PID 10128
2026-05-31T23:43:41.0050770-05:00 open-media started
2026-05-31T23:43:41.1415907-05:00 opening https://www.youtube.com/shorts at 0,0
2026-05-31T23:43:42.3989904-05:00 opening https://www.instagram.com/reels/ at 960,0
2026-05-31T23:43:43.6167871-05:00 opening https://www.tiktok.com at 0,516
2026-05-31T23:43:44.8557732-05:00 opening https://reddit.com at 960,516
2026-05-31T23:43:53.1568552-05:00 open-media started
2026-05-31T23:43:53.6728138-05:00 opening https://www.youtube.com/shorts at 0,0
2026-05-31T23:43:54.9747987-05:00 move failed for https://www.youtube.com/shorts
2026-05-31T23:43:55.4012007-05:00 opening https://www.instagram.com/reels/ at 960,0
2026-05-31T23:43:56.6495732-05:00 move failed for https://www.instagram.com/reels/
2026-05-31T23:43:57.1009808-05:00 opening https://www.tiktok.com at 0,516
2026-05-31T23:43:58.3483609-05:00 move failed for https://www.tiktok.com
2026-05-31T23:43:58.7224922-05:00 opening https://reddit.com at 960,516
2026-05-31T23:43:59.9660011-05:00 move failed for https://reddit.com
2026-05-31T23:46:12.3547854-05:00 close-media started
2026-05-31T23:46:12.3667950-05:00 closed tracked PID 25700
2026-05-31T23:46:12.3677905-05:00 closed tracked PID 17496
2026-05-31T23:46:12.3687941-05:00 closed tracked PID 38804
2026-05-31T23:46:12.3687941-05:00 closed tracked PID 3356
2026-05-31T23:46:18.6964934-05:00 open-media started
2026-05-31T23:46:18.7000116-05:00 opening https://www.youtube.com/shorts at 0,0
2026-05-31T23:46:19.9225022-05:00 opening https://www.instagram.com/reels/ at 960,0
2026-05-31T23:46:21.1415816-05:00 opening https://www.tiktok.com at 0,516
2026-05-31T23:46:22.3590716-05:00 opening https://reddit.com at 960,516
2026-05-31T23:47:12.5229149-05:00 open-media started
2026-05-31T23:47:12.9774950-05:00 opening https://www.youtube.com/shorts at 0,0
2026-05-31T23:47:14.5518949-05:00 opening https://www.instagram.com/reels/ at 960,0
2026-05-31T23:47:16.2336419-05:00 opening https://www.tiktok.com at 0,516
2026-05-31T23:47:18.0702642-05:00 opening https://reddit.com at 960,516
2026-05-31T23:48:22.4946770-05:00 open-media started
2026-05-31T23:48:23.6767935-05:00 opening https://www.youtube.com/shorts at 0,0
2026-05-31T23:48:26.3156873-05:00 opening https://www.instagram.com/reels/ at 960,0
2026-05-31T23:48:28.8221959-05:00 opening https://www.tiktok.com at 0,516
2026-05-31T23:48:30.8361944-05:00 opening https://reddit.com at 960,516
2026-05-31T23:51:20.6906924-05:00 open-media started
2026-05-31T23:51:21.8580277-05:00 opening https://www.youtube.com/shorts at 0,0
2026-05-31T23:51:23.8754398-05:00 opening https://www.instagram.com/reels/ at 960,0
2026-05-31T23:51:25.8883137-05:00 opening https://www.tiktok.com at 0,516
2026-05-31T23:51:27.7083384-05:00 opening https://reddit.com at 960,516
2026-05-31T23:51:33.8962441-05:00 close-media started
2026-05-31T23:51:33.9627596-05:00 closed tracked PID 38304
2026-05-31T23:51:33.9765793-05:00 closed tracked PID 41560
2026-05-31T23:51:33.9915984-05:00 closed tracked PID 17612
2026-05-31T23:51:34.0046343-05:00 closed tracked PID 8680
2026-05-31T23:51:43.6683086-05:00 close-media started
2026-05-31T23:52:07.8054306-05:00 open-media started
2026-05-31T23:52:07.8084313-05:00 opening https://www.youtube.com/shorts at 0,0
2026-05-31T23:52:09.0271964-05:00 opening https://www.instagram.com/reels/ at 960,0
2026-05-31T23:52:10.2588956-05:00 opening https://www.tiktok.com at 0,516
2026-05-31T23:52:11.4890142-05:00 opening https://reddit.com at 960,516
2026-05-31T23:52:16.5132310-05:00 close-media started
2026-05-31T23:52:16.5232310-05:00 closed tracked PID 31040
2026-05-31T23:52:16.5322374-05:00 closed tracked PID 30464
2026-05-31T23:52:16.5432383-05:00 closed tracked PID 13076
2026-05-31T23:52:16.5560314-05:00 closed tracked PID 34400
2026-05-31T23:53:06.9080316-05:00 close-media started
